C51 COMPILER V9.60.0.0   ADC_SAMPLE                                                        07/20/2026 11:01:13 PAGE 1   


C51 COMPILER V9.60.0.0, COMPILATION OF MODULE ADC_SAMPLE
OBJECT MODULE PLACED IN .\Objects\adc_sample.obj
COMPILER INVOKED BY: D:\Keil_5\C51\BIN\C51.EXE ..\Source_Code\adc_sample.c OMF2 OPTIMIZE(8,SPEED) BROWSE INCDIR(..\..\..
                    -\Library\inc) DEBUG PRINT(.\Listings\adc_sample.lst) TABS(2) OBJECT(.\Objects\adc_sample.obj)

line level    source

   1          #include "adc_sample.h"
   2          #include "adc.h"
   3          #include "board_config.h"
   4          #include "delay.h"
   5          static uint8_t  s_sample_index;
   6          static uint16_t xdata s_adc_raw[ADC_SAMPLE_CHANNEL_COUNT];
   7          static uint16_t xdata s_adc_mv[ADC_SAMPLE_CHANNEL_COUNT];
   8          static const uint8_t code s_adc_channels[ADC_SAMPLE_CHANNEL_COUNT] = {
   9              ADC_AIN7, /* P02 */
  10              ADC_AIN6, /* P03 */
  11              ADC_AIN5, /* P04 */
  12              ADC_AIN4  /* P05 */
  13          };
  14          void AdcSample_Init(void)
  15          {
  16   1          uint8_t i;
  17   1          s_sample_index = 0;
  18   1          for(i = 0; i < ADC_SAMPLE_CHANNEL_COUNT; i++)
  19   1          {
  20   2              s_adc_raw[i] = 0;
  21   2              s_adc_mv[i] = 0;
  22   2              ADC_ConfigChannel(s_adc_channels[i], ADC_DIV_4);
  23   2          }
  24   1          ADC_SMP_SEL(ADC_CLKP_8);
  25   1          ADC_ConfigSWCVT();
  26   1          ENABLE_ADC;
  27   1          Timer0_Delay_ms(1);
  28   1      }
  29          void AdcSample_Task(void)
  30          {
  31   1          uint16_t raw;
  32   1          ADC_ConfigChannel(s_adc_channels[s_sample_index], ADC_DIV_4);
  33   1          ADC_StartSWCVT();
  34   1          raw = ADC_GetResultQueryMode();
  35   1          s_adc_raw[s_sample_index] = raw;
  36   1          s_adc_mv[s_sample_index] = (uint16_t)(((uint32_t)raw * BOARD_ADC_REF_MV) / 4095UL);
  37   1      
  38   1          s_sample_index++;
  39   1          if(s_sample_index >= ADC_SAMPLE_CHANNEL_COUNT)
  40   1          {
  41   2              s_sample_index = 0;
  42   2          }
  43   1      }
  44          uint16_t AdcSample_GetRaw(uint8_t index)
  45          {
  46   1          if(index >= ADC_SAMPLE_CHANNEL_COUNT)
  47   1          {
  48   2              return 0;
  49   2          }
  50   1          return s_adc_raw[index];
  51   1      }
  52          uint16_t AdcSample_GetMv(uint8_t index)
  53          {
  54   1          if(index >= ADC_SAMPLE_CHANNEL_COUNT)
C51 COMPILER V9.60.0.0   ADC_SAMPLE                                                        07/20/2026 11:01:13 PAGE 2   

  55   1          {
  56   2              return 0;
  57   2          }
  58   1          return s_adc_mv[index];
  59   1      }


MODULE INFORMATION:   STATIC OVERLAYABLE
   CODE SIZE        =    228    ----
   CONSTANT SIZE    =      4    ----
   XDATA SIZE       =     16    ----
   PDATA SIZE       =   ----    ----
   DATA SIZE        =      1       1
   IDATA SIZE       =   ----    ----
   BIT SIZE         =   ----    ----
   EDATA SIZE       =   ----    ----
   HDATA SIZE       =   ----    ----
   XDATA CONST SIZE =   ----    ----
   FAR CONST SIZE   =   ----    ----
END OF MODULE INFORMATION.


C51 COMPILATION COMPLETE.  0 WARNING(S),  0 ERROR(S)
