C51 COMPILER V9.60.0.0   APP_LOGIC                                                         07/03/2026 15:43:48 PAGE 1   


C51 COMPILER V9.60.0.0, COMPILATION OF MODULE APP_LOGIC
OBJECT MODULE PLACED IN .\Objects\app_logic.obj
COMPILER INVOKED BY: D:\Keil_5\C51\BIN\C51.EXE ..\Source_Code\app_logic.c OMF2 OPTIMIZE(8,SPEED) BROWSE INCDIR(..\..\..\
                    -Library\inc) DEBUG PRINT(.\Listings\app_logic.lst) TABS(2) OBJECT(.\Objects\app_logic.obj)

line level    source

   1          #include "app_logic.h"
   2          
   3          #include "board_config.h"
   4          #include "soft_uart_rx.h"
   5          
   6          App_State_t xdata g_app;
   7          
   8          void App_Init(void)
   9          {
  10   1          uint8_t i;
  11   1      
  12   1          g_app.backlight_on = 1;
  13   1          g_app.soft_uart_rx_ready = 0;
  14   1          g_app.soft_uart_rx_byte = 0;
  15   1      
  16   1          for(i = 0; i < ADC_SAMPLE_CHANNEL_COUNT; i++)
  17   1          {
  18   2              g_app.adc_raw[i] = 0;
  19   2              g_app.adc_mv[i] = 0;
  20   2          }
  21   1      
  22   1          for(i = 0; i < TM1622_CH_COUNT; i++)
  23   1          {
  24   2              g_app.display_ch[i].cur = 0;
  25   2              g_app.display_ch[i].vol = 0;
  26   2              g_app.display_ch[i].powr = 0;
  27   2              g_app.display_ch[i].active = 0;
  28   2          }
  29   1      
  30   1          TM1622_Clear();
  31   1      }
  32          
  33          void App_Task(void)
  34          {
  35   1          uint8_t i;
  36   1          static uint8_t display_divider;
  37   1      
  38   1          for(i = 0; i < ADC_SAMPLE_CHANNEL_COUNT; i++)
  39   1          {
  40   2              g_app.adc_raw[i] = AdcSample_GetRaw(i);
  41   2              g_app.adc_mv[i] = AdcSample_GetMv(i);
  42   2              g_app.display_ch[i].cur = g_app.adc_raw[i] / 10;
  43   2              g_app.display_ch[i].vol = g_app.adc_mv[i] / 10;
  44   2              g_app.display_ch[i].powr = g_app.adc_mv[i] / 10;
  45   2              g_app.display_ch[i].active = 1;
  46   2          }
  47   1      
  48   1          g_app.display_ch[4].active = 0;
  49   1          Board_BacklightSet(g_app.backlight_on);
  50   1      
  51   1          if(SoftUartRx_Available() != 0)
  52   1          {
  53   2              g_app.soft_uart_rx_byte = SoftUartRx_ReadByte();
  54   2              g_app.soft_uart_rx_ready = 1;
C51 COMPILER V9.60.0.0   APP_LOGIC                                                         07/03/2026 15:43:48 PAGE 2   

  55   2          }
  56   1      
  57   1          display_divider++;
  58   1          if(display_divider >= 16)
  59   1          {
  60   2              display_divider = 0;
  61   2              TM1622_UpdateAll(g_app.display_ch);
  62   2          }
  63   1      }


MODULE INFORMATION:   STATIC OVERLAYABLE
   CODE SIZE        =    421    ----
   CONSTANT SIZE    =   ----    ----
   XDATA SIZE       =     54    ----
   PDATA SIZE       =   ----    ----
   DATA SIZE        =      1       1
   IDATA SIZE       =   ----    ----
   BIT SIZE         =   ----    ----
   EDATA SIZE       =   ----    ----
   HDATA SIZE       =   ----    ----
   XDATA CONST SIZE =   ----    ----
   FAR CONST SIZE   =   ----    ----
END OF MODULE INFORMATION.


C51 COMPILATION COMPLETE.  0 WARNING(S),  0 ERROR(S)
