C51 COMPILER V9.60.0.0   APP_LOGIC                                                         07/20/2026 11:01:14 PAGE 1   


C51 COMPILER V9.60.0.0, COMPILATION OF MODULE APP_LOGIC
OBJECT MODULE PLACED IN .\Objects\app_logic.obj
COMPILER INVOKED BY: D:\Keil_5\C51\BIN\C51.EXE ..\Source_Code\app_logic.c OMF2 OPTIMIZE(8,SPEED) BROWSE INCDIR(..\..\..\
                    -Library\inc) DEBUG PRINT(.\Listings\app_logic.lst) TABS(2) OBJECT(.\Objects\app_logic.obj)

line level    source

   1          #include "app_logic.h"
   2          
   3          #include "board_config.h"
   4          #include "key_input.h"
   5          #include "soft_uart_rx.h"
   6          #include "telemetry_protocol.h"
   7          
   8          #define APP_DISPLAY_PERIOD_MS    (100U)
   9          #define APP_DISPLAY_MAX_VALUE    (65535UL)
  10          
  11          App_State_t xdata g_app;
  12          
  13          void App_Init(void)
  14          {
  15   1          uint8_t i;
  16   1      
  17   1          g_app.backlight_on = 1;
  18   1          TelemetryProtocol_Init();
  19   1      
  20   1          for(i = 0; i < ADC_SAMPLE_CHANNEL_COUNT; i++)
  21   1          {
  22   2              g_app.adc_raw[i] = 0;
  23   2              g_app.adc_mv[i] = 0;
  24   2          }
  25   1      
  26   1          for(i = 0; i < TM1622_CH_COUNT; i++)
  27   1          {
  28   2              g_app.display_ch[i].cur = 0;
  29   2              g_app.display_ch[i].vol = 0;
  30   2              g_app.display_ch[i].powr = 0;
  31   2              g_app.display_ch[i].active = 0;
  32   2          }
  33   1      
  34   1          for(i = 0; i < APP_MEASUREMENT_COUNT; i++)
  35   1          {
  36   2              g_app.measurement[i].voltage_mv = 0;
  37   2              g_app.measurement[i].current_ma = 0;
  38   2              g_app.measurement[i].power_mw = 0;
  39   2              g_app.measurement[i].connected = 0;
  40   2          }
  41   1      
  42   1          TM1622_Clear();
  43   1      }
  44          
  45          void App_Task(void)
  46          {
  47   1          uint8_t i;
  48   1          uint16_t now;
  49   1          static uint16_t last_display_ms;
  50   1          Telemetry_Measurement_t telemetry_measurement;
  51   1      
  52   1          for(i = 0; i < ADC_SAMPLE_CHANNEL_COUNT; i++)
  53   1          {
  54   2              g_app.adc_raw[i] = AdcSample_GetRaw(i);
C51 COMPILER V9.60.0.0   APP_LOGIC                                                         07/20/2026 11:01:14 PAGE 2   

  55   2              g_app.adc_mv[i] = AdcSample_GetMv(i);
  56   2          }
  57   1      
  58   1          for(i = 0; i < TELEMETRY_CHANNEL_COUNT; i++)
  59   1          {
  60   2              TelemetryProtocol_GetMeasurement(i, &telemetry_measurement);
  61   2              g_app.measurement[i].voltage_mv = telemetry_measurement.voltage_mv;
  62   2              g_app.measurement[i].current_ma = telemetry_measurement.current_ma;
  63   2              g_app.measurement[i].connected = telemetry_measurement.connected;
  64   2          }
  65   1      
  66   1          g_app.measurement[4].voltage_mv = AdcSample_GetMv(1U);
  67   1          g_app.measurement[4].current_ma = AdcSample_GetMv(3U);
  68   1          g_app.measurement[4].connected = 1;
  69   1      
  70   1          for(i = 0; i < APP_MEASUREMENT_COUNT; i++)
  71   1          {
  72   2              g_app.measurement[i].power_mw = ((uint32_t)g_app.measurement[i].voltage_mv
  73   2                                               * g_app.measurement[i].current_ma) / 1000UL;
  74   2              g_app.display_ch[i].cur = g_app.measurement[i].current_ma / 100U;
  75   2              g_app.display_ch[i].vol = g_app.measurement[i].voltage_mv / 100U;
  76   2              if((g_app.measurement[i].power_mw / 100UL) > APP_DISPLAY_MAX_VALUE)
  77   2              {
  78   3                  g_app.display_ch[i].powr = (uint16_t)APP_DISPLAY_MAX_VALUE;
  79   3              }
  80   2              else
  81   2              {
  82   3                  g_app.display_ch[i].powr = (uint16_t)(g_app.measurement[i].power_mw / 100UL);
  83   3              }
  84   2              g_app.display_ch[i].active = g_app.measurement[i].connected;
  85   2          }
  86   1      
  87   1          SoftUartRx_GetHealth(&g_app.soft_uart_health);
  88   1          TelemetryProtocol_GetHealth(&g_app.telemetry_health);
  89   1      
  90   1          if(KeyInput_GetPressEvent() != 0)
  91   1          {
  92   2              g_app.backlight_on = (g_app.backlight_on == 0) ? 1 : 0;
  93   2          }
  94   1          Board_BacklightSet(g_app.backlight_on);
  95   1      
  96   1          now = KeyInput_GetMilliseconds();
  97   1          if((uint16_t)(now - last_display_ms) >= APP_DISPLAY_PERIOD_MS)
  98   1          {
  99   2              last_display_ms = now;
 100   2              TM1622_UpdateAll(g_app.display_ch);
 101   2          }
 102   1      }


MODULE INFORMATION:   STATIC OVERLAYABLE
   CODE SIZE        =    840    ----
   CONSTANT SIZE    =   ----    ----
   XDATA SIZE       =    111    ----
   PDATA SIZE       =   ----    ----
   DATA SIZE        =      2       6
   IDATA SIZE       =   ----    ----
   BIT SIZE         =   ----    ----
   EDATA SIZE       =   ----    ----
   HDATA SIZE       =   ----    ----
   XDATA CONST SIZE =   ----    ----
   FAR CONST SIZE   =   ----    ----
C51 COMPILER V9.60.0.0   APP_LOGIC                                                         07/20/2026 11:01:14 PAGE 3   

END OF MODULE INFORMATION.


C51 COMPILATION COMPLETE.  0 WARNING(S),  0 ERROR(S)
