C51 COMPILER V9.60.0.0   MAIN                                                              07/03/2026 15:43:47 PAGE 1   


C51 COMPILER V9.60.0.0, COMPILATION OF MODULE MAIN
OBJECT MODULE PLACED IN .\Objects\main.obj
COMPILER INVOKED BY: D:\Keil_5\C51\BIN\C51.EXE ..\Source_Code\main.c OMF2 OPTIMIZE(8,SPEED) BROWSE INCDIR(..\..\..\Libra
                    -ry\inc) DEBUG PRINT(.\Listings\main.lst) TABS(2) OBJECT(.\Objects\main.obj)

line level    source

   1          /**
   2           * @file      main.c
   3           * @brief     Main function of the project
   4           * @author    Software Team
   5           * @date      2023-07
   6           * @version   V1.0.0
   7           * @copyright WAYON
   8           */
   9          #include "adc_sample.h"
  10          #include "app_logic.h"
  11          #include "board_config.h"
  12          #include "common.h"
  13          #include "soft_uart_rx.h"
  14          
  15          int main(void)
  16          {
  17   1          Board_Init();
  18   1          App_Init();
  19   1      
  20   1          while(1)
  21   1          {
  22   2              AdcSample_Task();
  23   2              SoftUartRx_Task();
  24   2              App_Task();
  25   2          }
  26   1      }


MODULE INFORMATION:   STATIC OVERLAYABLE
   CODE SIZE        =     17    ----
   CONSTANT SIZE    =   ----    ----
   XDATA SIZE       =   ----    ----
   PDATA SIZE       =   ----    ----
   DATA SIZE        =   ----    ----
   IDATA SIZE       =   ----    ----
   BIT SIZE         =   ----    ----
   EDATA SIZE       =   ----    ----
   HDATA SIZE       =   ----    ----
   XDATA CONST SIZE =   ----    ----
   FAR CONST SIZE   =   ----    ----
END OF MODULE INFORMATION.


C51 COMPILATION COMPLETE.  0 WARNING(S),  0 ERROR(S)
