C51 COMPILER V9.60.0.0   SOFT_UART_RX                                                      07/03/2026 15:43:48 PAGE 1   


C51 COMPILER V9.60.0.0, COMPILATION OF MODULE SOFT_UART_RX
OBJECT MODULE PLACED IN .\Objects\soft_uart_rx.obj
COMPILER INVOKED BY: D:\Keil_5\C51\BIN\C51.EXE ..\Source_Code\soft_uart_rx.c OMF2 OPTIMIZE(8,SPEED) BROWSE INCDIR(..\..\
                    -..\Library\inc) DEBUG PRINT(.\Listings\soft_uart_rx.lst) TABS(2) OBJECT(.\Objects\soft_uart_rx.obj)

line level    source

   1          #include "soft_uart_rx.h"
   2          
   3          #include "gpio.h"
   4          #include "timer.h"
   5          
   6          #define SOFT_UART_RX_BUF_SIZE    (16U)
   7          #define SOFT_UART_TIMER_DIV      (TIMER2_T2DIV_16DIV)
   8          #define SOFT_UART_TIMER_DIV_VAL  (16UL)
   9          #define SOFT_UART_STATE_IDLE     (0U)
  10          #define SOFT_UART_STATE_START    (1U)
  11          #define SOFT_UART_STATE_DATA     (2U)
  12          #define SOFT_UART_STATE_STOP     (3U)
  13          
  14          static volatile uint8_t s_rx_state;
  15          static volatile uint8_t s_rx_bit_index;
  16          static volatile uint8_t s_rx_shift;
  17          static volatile uint8_t s_rx_head;
  18          static volatile uint8_t s_rx_tail;
  19          static volatile uint8_t xdata s_rx_buf[SOFT_UART_RX_BUF_SIZE];
  20          static uint16_t s_bit_ticks;
  21          static uint16_t s_half_bit_ticks;
  22          
  23          static void SoftUartRx_LoadTimer(uint16_t ticks)
  24          {
  25   1          uint16_t reload_value;
  26   1      
  27   1          reload_value = 65536U - ticks;
  28   1          TIMER2_DATA_REG((reload_value >> 8) & 0xFF, reload_value & 0xFF);
  29   1          CLR_TIME2_TF2_FLAG;
  30   1          ENABLE_TIMER2;
  31   1      }
  32          
  33          static void SoftUartRx_StopTimer(void)
  34          {
  35   1          DISABLE_TIMER2;
  36   1          CLR_TIME2_TF2_FLAG;
  37   1      }
  38          
  39          static void SoftUartRx_PushByte(uint8_t data_value)
  40          {
  41   1          uint8_t next_head;
  42   1      
  43   1          next_head = s_rx_head + 1;
  44   1          if(next_head >= SOFT_UART_RX_BUF_SIZE)
  45   1          {
  46   2              next_head = 0;
  47   2          }
  48   1      
  49   1          if(next_head != s_rx_tail)
  50   1          {
  51   2              s_rx_buf[s_rx_head] = data_value;
  52   2              s_rx_head = next_head;
  53   2          }
  54   1      }
C51 COMPILER V9.60.0.0   SOFT_UART_RX                                                      07/03/2026 15:43:48 PAGE 2   

  55          
  56          void SoftUartRx_Init(uint32_t baud)
  57          {
  58   1          uint32_t timer_clk;
  59   1      
  60   1          if(baud == 0)
  61   1          {
  62   2              baud = 9600UL;
  63   2          }
  64   1      
  65   1          timer_clk = g_u32SystemClock / SOFT_UART_TIMER_DIV_VAL;
  66   1          s_bit_ticks = (uint16_t)((timer_clk + (baud / 2UL)) / baud);
  67   1          if(s_bit_ticks < 4)
  68   1          {
  69   2              s_bit_ticks = 4;
  70   2          }
  71   1          s_half_bit_ticks = s_bit_ticks / 2;
  72   1          if(s_half_bit_ticks == 0)
  73   1          {
  74   2              s_half_bit_ticks = 1;
  75   2          }
  76   1      
  77   1          s_rx_state = SOFT_UART_STATE_IDLE;
  78   1          s_rx_bit_index = 0;
  79   1          s_rx_shift = 0;
  80   1          s_rx_head = 0;
  81   1          s_rx_tail = 0;
  82   1      
  83   1          PORT_SET_MUX(PIO06CFG, GPIO_MUX_MODE);
  84   1          GPIO0_ConfigInput(GPIO_PIN_6, GPIO_PULLUP);
  85   1          GPIO0_ConfigINT(GPIO_PIN_6, GPIO_INT_FALLING);
  86   1      
  87   1          DISABLE_TIMER2;
  88   1          TIMER2_T2MOD_T2DIV_SET(SOFT_UART_TIMER_DIV);
  89   1          TIMER2_SET_RELOAD_MODE;
  90   1          DISABLE_TIMER2_RELOAD;
  91   1          DISABLE_TIMER2_CMPCR;
  92   1          CLR_TIME2_TF2_FLAG;
  93   1          ENABLE_TIME2_INT;
  94   1      
  95   1          CLR_GPIO0_FLAG(GPIO_PIN_6);
  96   1          ENABLE_GPIO_INT;
  97   1          ENABLE_ALL_INT;
  98   1      }
  99          
 100          void SoftUartRx_Task(void)
 101          {
 102   1      }
 103          
 104          uint8_t SoftUartRx_Available(void)
 105          {
 106   1          return (s_rx_head != s_rx_tail) ? 1 : 0;
 107   1      }
 108          
 109          uint8_t SoftUartRx_ReadByte(void)
 110          {
 111   1          uint8_t data_value;
 112   1      
 113   1          if(s_rx_head == s_rx_tail)
 114   1          {
 115   2              return 0;
 116   2          }
C51 COMPILER V9.60.0.0   SOFT_UART_RX                                                      07/03/2026 15:43:48 PAGE 3   

 117   1      
 118   1          data_value = s_rx_buf[s_rx_tail];
 119   1          s_rx_tail++;
 120   1          if(s_rx_tail >= SOFT_UART_RX_BUF_SIZE)
 121   1          {
 122   2              s_rx_tail = 0;
 123   2          }
 124   1          return data_value;
 125   1      }
 126          
 127          static void _GPIO_IRQHandler(void) interrupt GPIO_VECTOR
 128          {
 129   1          if(IS_GPIO0_FLAG(GPIO_PIN_6))
 130   1          {
 131   2              CLR_GPIO0_FLAG(GPIO_PIN_6);
 132   2              if(s_rx_state == SOFT_UART_STATE_IDLE)
 133   2              {
 134   3                  s_rx_state = SOFT_UART_STATE_START;
 135   3                  s_rx_bit_index = 0;
 136   3                  s_rx_shift = 0;
 137   3                  SoftUartRx_LoadTimer(s_half_bit_ticks);
 138   3              }
 139   2          }
 140   1      }
 141          
 142          static void _TIMER2_IRQHandler(void) interrupt TIMER2_VECTOR
 143          {
 144   1          if(IS_TIME2_TF2_FLAG)
 145   1          {
 146   2              CLR_TIME2_TF2_FLAG;
 147   2      
 148   2              switch(s_rx_state)
 149   2              {
 150   3                  case SOFT_UART_STATE_START:
 151   3                      if(P06 == 0)
 152   3                      {
 153   4                          s_rx_state = SOFT_UART_STATE_DATA;
 154   4                          s_rx_bit_index = 0;
 155   4                          s_rx_shift = 0;
 156   4                          SoftUartRx_LoadTimer(s_bit_ticks);
 157   4                      }
 158   3                      else
 159   3                      {
 160   4                          s_rx_state = SOFT_UART_STATE_IDLE;
 161   4                          SoftUartRx_StopTimer();
 162   4                      }
 163   3                      break;
 164   3      
 165   3                  case SOFT_UART_STATE_DATA:
 166   3                      if(P06 != 0)
 167   3                      {
 168   4                          s_rx_shift |= (1U << s_rx_bit_index);
 169   4                      }
 170   3                      s_rx_bit_index++;
 171   3                      if(s_rx_bit_index >= 8)
 172   3                      {
 173   4                          s_rx_state = SOFT_UART_STATE_STOP;
 174   4                      }
 175   3                      SoftUartRx_LoadTimer(s_bit_ticks);
 176   3                      break;
 177   3      
 178   3                  case SOFT_UART_STATE_STOP:
C51 COMPILER V9.60.0.0   SOFT_UART_RX                                                      07/03/2026 15:43:48 PAGE 4   

 179   3                      if(P06 != 0)
 180   3                      {
 181   4                          SoftUartRx_PushByte(s_rx_shift);
 182   4                      }
 183   3                      s_rx_state = SOFT_UART_STATE_IDLE;
 184   3                      SoftUartRx_StopTimer();
 185   3                      break;
 186   3      
 187   3                  default:
 188   3                      s_rx_state = SOFT_UART_STATE_IDLE;
 189   3                      SoftUartRx_StopTimer();
 190   3                      break;
 191   3              }
 192   2          }
 193   1      }


MODULE INFORMATION:   STATIC OVERLAYABLE
   CODE SIZE        =    547    ----
   CONSTANT SIZE    =   ----    ----
   XDATA SIZE       =     16    ----
   PDATA SIZE       =   ----    ----
   DATA SIZE        =      9       8
   IDATA SIZE       =   ----    ----
   BIT SIZE         =   ----    ----
   EDATA SIZE       =   ----    ----
   HDATA SIZE       =   ----    ----
   XDATA CONST SIZE =   ----    ----
   FAR CONST SIZE   =   ----    ----
END OF MODULE INFORMATION.


C51 COMPILATION COMPLETE.  0 WARNING(S),  0 ERROR(S)
