C51 COMPILER V9.60.0.0   TELEMETRY_PROTOCOL                                                07/20/2026 11:01:14 PAGE 1   


C51 COMPILER V9.60.0.0, COMPILATION OF MODULE TELEMETRY_PROTOCOL
OBJECT MODULE PLACED IN .\Objects\telemetry_protocol.obj
COMPILER INVOKED BY: D:\Keil_5\C51\BIN\C51.EXE ..\Source_Code\telemetry_protocol.c OMF2 OPTIMIZE(8,SPEED) BROWSE INCDIR(
                    -..\..\..\Library\inc) DEBUG PRINT(.\Listings\telemetry_protocol.lst) TABS(2) OBJECT(.\Objects\telemetry_protocol.obj)

line level    source

   1          #include "telemetry_protocol.h"
   2          
   3          #include "soft_uart_rx.h"
   4          
   5          #define TELEMETRY_FRAME_SIZE    (11U)
   6          #define TELEMETRY_FRAME_HEADER  (0xA5U)
   7          #define TELEMETRY_FRAME_TAIL    (0x5AU)
   8          
   9          static uint8_t xdata s_frame[SOFT_UART_PORT_COUNT][TELEMETRY_FRAME_SIZE];
  10          static uint8_t s_frame_count[SOFT_UART_PORT_COUNT];
  11          static Telemetry_Measurement_t xdata s_measurement[TELEMETRY_CHANNEL_COUNT];
  12          static Telemetry_Health_t xdata s_health;
  13          
  14          static uint16_t TelemetryProtocol_ReadU16(uint8_t xdata *bytes)
  15          {
  16   1          return (uint16_t)(((uint16_t)bytes[0] << 8) | bytes[1]);
  17   1      }
  18          
  19          static void TelemetryProtocol_UpdatePair(uint8_t port)
  20          {
  21   1          uint8_t base_channel;
  22   1          uint8_t connection;
  23   1          uint8_t xdata *frame;
  24   1      
  25   1          frame = s_frame[port];
  26   1          connection = frame[1];
  27   1          base_channel = (uint8_t)(port * 2U);
  28   1      
  29   1          s_measurement[base_channel].voltage_mv = TelemetryProtocol_ReadU16(&frame[2]);
  30   1          s_measurement[base_channel].current_ma = TelemetryProtocol_ReadU16(&frame[4]);
  31   1          s_measurement[base_channel].connected = (connection & 0x01U) ? 1 : 0;
  32   1          s_measurement[base_channel + 1U].voltage_mv = TelemetryProtocol_ReadU16(&frame[6]);
  33   1          s_measurement[base_channel + 1U].current_ma = TelemetryProtocol_ReadU16(&frame[8]);
  34   1          s_measurement[base_channel + 1U].connected = (connection & 0x02U) ? 1 : 0;
  35   1      }
  36          
  37          static void TelemetryProtocol_ProcessByte(uint8_t port, uint8_t data_value)
  38          {
  39   1          uint8_t count;
  40   1      
  41   1          count = s_frame_count[port];
  42   1          if(count == 0)
  43   1          {
  44   2              if(data_value == TELEMETRY_FRAME_HEADER)
  45   2              {
  46   3                  s_frame[port][0] = data_value;
  47   3                  s_frame_count[port] = 1;
  48   3              }
  49   2              return;
  50   2          }
  51   1      
  52   1          s_frame[port][count] = data_value;
  53   1          count++;
  54   1          if(count < TELEMETRY_FRAME_SIZE)
C51 COMPILER V9.60.0.0   TELEMETRY_PROTOCOL                                                07/20/2026 11:01:14 PAGE 2   

  55   1          {
  56   2              s_frame_count[port] = count;
  57   2              return;
  58   2          }
  59   1      
  60   1          if((s_frame[port][10] == TELEMETRY_FRAME_TAIL)
  61   1             && (s_frame[port][1] >= 1U) && (s_frame[port][1] <= 3U))
  62   1          {
  63   2              TelemetryProtocol_UpdatePair(port);
  64   2              s_frame_count[port] = 0;
  65   2          }
  66   1          else
  67   1          {
  68   2              s_health.invalid_frame_count[port]++;
  69   2              s_frame_count[port] = (data_value == TELEMETRY_FRAME_HEADER) ? 1 : 0;
  70   2              if(s_frame_count[port] != 0)
  71   2              {
  72   3                  s_frame[port][0] = data_value;
  73   3              }
  74   2          }
  75   1      }
  76          
  77          void TelemetryProtocol_Init(void)
  78          {
  79   1          uint8_t i;
  80   1      
  81   1          for(i = 0; i < SOFT_UART_PORT_COUNT; i++)
  82   1          {
  83   2              s_frame_count[i] = 0;
  84   2              s_health.invalid_frame_count[i] = 0;
  85   2          }
  86   1          for(i = 0; i < TELEMETRY_CHANNEL_COUNT; i++)
  87   1          {
  88   2              s_measurement[i].voltage_mv = 0;
  89   2              s_measurement[i].current_ma = 0;
  90   2              s_measurement[i].connected = 0;
  91   2          }
  92   1      }
  93          
  94          void TelemetryProtocol_Task(void)
  95          {
  96   1          uint8_t port;
  97   1      
  98   1          for(port = 0; port < SOFT_UART_PORT_COUNT; port++)
  99   1          {
 100   2              while(SoftUartRx_Available(port) != 0)
 101   2              {
 102   3                  TelemetryProtocol_ProcessByte(port, SoftUartRx_ReadByte(port));
 103   3              }
 104   2          }
 105   1      }
 106          
 107          uint8_t TelemetryProtocol_GetMeasurement(uint8_t channel, Telemetry_Measurement_t *measurement)
 108          {
 109   1          if((channel >= TELEMETRY_CHANNEL_COUNT) || (measurement == 0))
 110   1          {
 111   2              return 0;
 112   2          }
 113   1      
 114   1          *measurement = s_measurement[channel];
 115   1          return 1;
 116   1      }
C51 COMPILER V9.60.0.0   TELEMETRY_PROTOCOL                                                07/20/2026 11:01:14 PAGE 3   

 117          
 118          void TelemetryProtocol_GetHealth(Telemetry_Health_t *health)
 119          {
 120   1          if(health != 0)
 121   1          {
 122   2              *health = s_health;
 123   2          }
 124   1      }


MODULE INFORMATION:   STATIC OVERLAYABLE
   CODE SIZE        =    652    ----
   CONSTANT SIZE    =   ----    ----
   XDATA SIZE       =     46    ----
   PDATA SIZE       =   ----    ----
   DATA SIZE        =      2      10
   IDATA SIZE       =   ----    ----
   BIT SIZE         =   ----    ----
   EDATA SIZE       =   ----    ----
   HDATA SIZE       =   ----    ----
   XDATA CONST SIZE =   ----    ----
   FAR CONST SIZE   =   ----    ----
END OF MODULE INFORMATION.


C51 COMPILATION COMPLETE.  0 WARNING(S),  0 ERROR(S)
